go : # github.com/rei0
721/go-scaffold/intern
al/handler
所在位置 行:1 字符: 1
+ go build ./... 2>&1 
| Out-File -FilePath b
uild_errors.txt
+ ~~~~~~~~~~~~~~~~~~~
    + CategoryInfo    
          : NotSpeci  
  fied: (# github.c   
 om/re...nternal/h    
andler:String) []    ,
 RemoteException
    + FullyQualifiedE 
   rrorId : NativeCo  
  mmandError
 
internal\handler\user.
go:36:18: undefined: s
ervice.UserService
internal\handler\user.
go:48:33: undefined: s
ervice.UserService
